// Jest Snapshot v1, https://goo.gl/fbAQLP

exports[`DonationHeader should render correctly 1`] = `
<div
  className="donation"
>
  <h2
    className="donation__headline"
  >
    Cashless donations that make a difference
  </h2>
  <p
    className="donation__strapline"
  >
    Quick. Secure. Cashless.
  </p>
  <ol
    className="donation__steps"
  >
    <li
      className="donation__step"
    >
      Decide how much you would like to donate to
    </li>
    <li
      className="donation__step"
    >
      Set your payment amount.
    </li>
    <li
      className="donation__step"
    >
      Help
      out.
    </li>
  </ol>
</div>
`;
