// Jest Snapshot v1, https://goo.gl/fbAQLP

exports[`NewRecipient matches the snapshot 1`] = `
Array [
  <h2>
    New Recipient
  </h2>,
  <h2
    className="newrecipient__title"
  >
    Start taking digital donations in 3 steps
  </h2>,
  <img
    alt=""
    className="newrecipient__header-image"
    src=""
  />,
  <form
    className="neerecipient__form"
    onSubmit={[Function]}
  >
    <h2>
      Add your basic information
    </h2>
    <input
      onChange={[Function]}
      placeholder="First name"
      text="firstname"
      type="text"
    />
    <input
      onChange={[Function]}
      placeholder="Last name"
      text="lastname"
      type="text"
      value={null}
    />
    <input
      onChange={[Function]}
      placeholder="Telephone number"
      text="tel"
      type="text"
      value={null}
    />
    <input
      onChange={[Function]}
      placeholder="Select your username"
      text="username"
      type="text"
    />
    <input
      onChange={[Function]}
      placeholder="Create your password"
      text="password"
      type="password"
    />
    <button
      className="newrecipient__btn-upload-image"
      onClick={[Function]}
      type="submit"
    >
      Upload a picture
    </button>
    <h2>
      Now tell people 3 things about you...
    </h2>
    <input
      onChange={[Function]}
      placeholder="1. I play the piano"
      text="text"
      type="text"
      value={null}
    />
    <input
      onChange={[Function]}
      placeholder="2. I like white coffee"
      text="text"
      type="text"
      value={null}
    />
    <input
      onChange={[Function]}
      placeholder="3. I'm a Rugby fan"
      text="text"
      type="text"
      value={null}
    />
    <button
      className="newrecipient__btn-generate-qr-code "
      onClickUpload={[Function]}
      type="submit"
    >
      Generate Your Unique QR Code
    </button>
  </form>,
  <p>
    Recipient sign-up form
  </p>,
]
`;
