// Jest Snapshot v1, https://goo.gl/fbAQLP

exports[`NewRecipient matches the snapshot 1`] = `
Array [
  <h2>
    New Recipient
  </h2>,
  <h2
    className="newrecipient__title"
  >
    Start taking digital donations in 3 steps
  </h2>,
  <img
    alt=""
    height=""
    src=""
    width=""
  />,
  <form>
    <label
      className="newrecipient__intro"
    >
      Add your basic information
    </label>
    <input
      placeholder="First name"
      text="firstname"
      type="text"
    />
    <input
      placeholder="Last name"
      text="lastname"
      type="text"
    />
    <input
      placeholder="Telephone number"
      text="telephone"
      type="text"
    />
    <button
      className="newrecipient__upload-button"
    >
      Upload a picture
    </button>
    <label>
      Now tell people 3 things about you...
    </label>
    <input
      placeholder="1. I play the piano"
      text="text"
      type="text"
    />
    <input
      placeholder="2. I like white coffee"
      text="text"
      type="text"
    />
    <input
      placeholder="3. I'm a Rugby fan"
      text="text"
      type="text"
    />
    <button
      className="newrecipient__qr-button"
    >
      Generate Your Unique QR Code
    </button>
  </form>,
  <p>
    Recipient sign-up form
  </p>,
]
`;
