// Jest Snapshot v1, https://goo.gl/fbAQLP

exports[`RecipientProfile should render correctly 1`] = `
<div
  className="recipient-profile"
>
  <h3
    className="recipient-profile__headline"
  >
    Fancy a chat?
  </h3>
  <p
    className="recipient-profile__intro"
  >
     
    is interested in:
  </p>
  <ol
    className="recipient-profile__interests"
  >
    <li
      className="recipient-profile__interest"
    />
  </ol>
</div>
`;
